23:09:14 **** Incremental Build of configuration Debug for project randi ****
make pre-build main-build 
a9-linaro-pre-build-step
' '
'Building file: ../src/helloworld.c'
'Invoking: ARM v7 gcc compiler'
arm-none-eabi-gcc -Wall -O0 -g3 -c -fmessage-length=0 -MT"src/helloworld.o" -mcpu=cortex-a9 -mfpu=vfpv3 -mfloat-abi=hard -I../../randi_bsp/ps7_cortexa9_0/include -MMD -MP -MF"src/helloworld.d" -MT"src/helloworld.o" -o "src/helloworld.o" "../src/helloworld.c"
../src/helloworld.c: In function 'main':
../src/helloworld.c:63:6: warning: unused variable 'daddy' [-Wunused-variable]
  int daddy=0;
      ^~~~~
'Finished building: ../src/helloworld.c'
' '
'Building target: randi.elf'
'Invoking: ARM v7 gcc linker'
arm-none-eabi-gcc -mcpu=cortex-a9 -mfpu=vfpv3 -mfloat-abi=hard -Wl,-build-id=none -specs=Xilinx.spec -Wl,-T -Wl,../src/lscript.ld -L../../randi_bsp/ps7_cortexa9_0/lib -o "randi.elf"  ./src/helloworld.o ./src/platform.o   -Wl,--start-group,-lxil,-lgcc,-lc,--end-group
'Finished building target: randi.elf'
' '
'Invoking: ARM v7 Print Size'
arm-none-eabi-size randi.elf  |tee "randi.elf.size"
   text	   data	    bss	    dec	    hex	filename
  30988	   1560	  23272	  55820	   da0c	randi.elf
'Finished building: randi.elf.size'
' '

23:09:15 Build Finished (took 771ms)

